// Jest Snapshot v1, https://goo.gl/fbAQLP

exports[`should render ExpensesSummary correctly 1`] = `
<div>
  <h1>
    5
     expense(s)
  </h1>
  <p>
    Total: 
    195
    Ïõê
  </p>
</div>
`;
