// Jest Snapshot v1, https://goo.gl/fbAQLP

exports[`should render ExpenseList with empty message 1`] = `
<div>
  <h1>
    Expense List
  </h1>
  <p>
    No expenses
  </p>
</div>
`;

exports[`should render ExpenseList with expenses 1`] = `
<div>
  <h1>
    Expense List
  </h1>
  <ExpenseListItem
    amount={195}
    createdAt={10000}
    description="test01"
    id="001"
    key="001"
    notes=""
  />
  <ExpenseListItem
    amount={200}
    createdAt={10}
    description="rent02"
    id="002"
    key="002"
    notes=""
  />
  <ExpenseListItem
    amount={400}
    createdAt={-500}
    description="card03"
    id="003"
    key="003"
    notes=""
  />
</div>
`;
