// Jest Snapshot v1, https://goo.gl/fbAQLP

exports[`should render ExpenseListItem correctly 1`] = `
<div>
  <Link
    to="/edit/001"
  >
    test
  </Link>
  <p>
    195
    Ïõê -
     
    1970. 1. 1.
  </p>
</div>
`;
